\BOOKMARK [1][-]{section.1}{\376\377\137\025\212\000}{}% 1
\BOOKMARK [1][-]{section.2}{\376\377\230\204\131\007\167\345\213\306}{}% 2
\BOOKMARK [2][-]{subsection.2.1}{\376\377\000L\000L\000M\0004\000R\000e\000c\000\040\213\276\133\232}{section.2}% 3
\BOOKMARK [2][-]{subsection.2.2}{\376\377\213\355\116\111\000-\136\217\122\027\137\002\147\204\236\077\154\237\377\010\000S\000S\000H\000G\377\011}{section.2}% 4
\BOOKMARK [1][-]{section.3}{\376\377\145\271\154\325}{}% 5
\BOOKMARK [2][-]{subsection.3.1}{\376\377\145\164\117\123\151\202\211\310}{section.3}% 6
\BOOKMARK [2][-]{subsection.3.2}{\376\377\213\355\116\111\215\104\116\247\121\306\131\007}{section.3}% 7
\BOOKMARK [2][-]{subsection.3.3}{\376\377\226\066\153\265\116\000\377\032\213\355\116\111\133\371\237\120\133\371\153\324\230\204\213\255\176\303\377\010\000S\000A\000C\000P\377\011}{section.3}% 8
\BOOKMARK [3][-]{subsubsection.3.3.1}{\376\377\136\217\122\027\210\150\137\201\116\016\143\250\203\120\166\356\150\007}{subsection.3.3}% 9
\BOOKMARK [3][-]{subsubsection.3.3.2}{\376\377\000I\000t\000e\000m\000-\000l\000e\000v\000e\000l\000\040\213\355\116\111\142\160\122\250\116\000\201\364\140\047}{subsection.3.3}% 10
\BOOKMARK [3][-]{subsubsection.3.3.3}{\376\377\000U\000s\000e\000r\000-\000l\000e\000v\000e\000l\000\040\213\355\116\111\220\273\127\337\200\132\124\010}{subsection.3.3}% 11
\BOOKMARK [3][-]{subsubsection.3.3.4}{\376\377\226\066\153\265\116\000\140\073\117\123\166\356\150\007}{subsection.3.3}% 12
\BOOKMARK [2][-]{subsection.3.4}{\376\377\226\066\153\265\116\214\377\032\176\323\147\204\141\037\167\345\166\204\136\217\122\027\154\350\121\145}{section.3}% 13
\BOOKMARK [3][-]{subsubsection.3.4.1}{\376\377\145\131\136\010\117\341\123\367\143\320\123\326\116\016\000\040\000p\000r\000o\000m\000p\000t\000\040\147\204\220\040}{subsection.3.4}% 14
\BOOKMARK [3][-]{subsubsection.3.4.2}{\376\377\124\021\221\317\146\377\143\142\116\016\000\040\000L\000L\000M\000\040\210\150\171\072\213\373\123\326}{subsection.3.4}% 15
\BOOKMARK [3][-]{subsubsection.3.4.3}{\376\377\143\222\136\217\143\137\131\061\116\016\145\131\136\010\123\071\221\115\143\137\131\061}{subsection.3.4}% 16
\BOOKMARK [3][-]{subsubsection.3.4.4}{\376\377\226\066\153\265\116\214\140\073\117\123\166\356\150\007}{subsection.3.4}% 17
\BOOKMARK [2][-]{subsection.3.5}{\376\377\215\350\172\172\225\364\217\301\171\373\166\204\122\006\136\003\211\306\211\322}{section.3}% 18
\BOOKMARK [2][-]{subsection.3.6}{\376\377\213\255\176\303\155\101\172\013\116\016\213\276\213\241\122\250\147\072}{section.3}% 19
\BOOKMARK [1][-]{section.4}{\376\377\133\236\232\214}{}% 20
\BOOKMARK [2][-]{subsection.4.1}{\376\377\133\236\232\214\213\276\177\156}{section.4}% 21
\BOOKMARK [2][-]{subsection.4.2}{\376\377\000R\000Q\0001\377\032\121\161\116\253\000\040\000b\000e\000n\000c\000h\000m\000a\000r\000k\000\040\116\012\166\204\145\164\117\123\140\047\200\375}{section.4}% 22
\BOOKMARK [2][-]{subsection.4.3}{\376\377\000R\000Q\0002\377\032\155\210\207\215\133\236\232\214}{section.4}% 23
\BOOKMARK [2][-]{subsection.4.4}{\376\377\123\327\143\247\000\040\000S\000S\000H\000G\000\040\213\312\145\255}{section.4}% 24
\BOOKMARK [2][-]{subsection.4.5}{\376\377\000R\000Q\0004\377\032\136\217\122\027\142\160\122\250\172\063\133\232\140\047}{section.4}% 25
\BOOKMARK [1][-]{section.5}{\376\377\166\370\121\163\135\345\117\134}{}% 26
\BOOKMARK [2][-]{subsection.5.1}{\376\377\136\217\122\027\143\250\203\120}{section.5}% 27
\BOOKMARK [2][-]{subsection.5.2}{\376\377\127\372\116\216\000\040\000L\000L\000M\000\040\166\204\143\250\203\120}{section.5}% 28
\BOOKMARK [1][-]{section.6}{\376\377\176\323\213\272}{}% 29
\BOOKMARK [1][-]{section.7}{\376\377\147\052\147\145\135\345\117\134}{}% 30
\BOOKMARK [1][-]{appendix.A}{\376\377\164\006\213\272\122\006\147\220\377\032\116\072\116\300\116\110\226\115\117\116\000\040\000S\000S\000H\000G\000\040\200\375\143\320\123\107\136\217\122\027\117\335\143\001}{}% 31
\BOOKMARK [2][-]{subsection.A.1}{\376\377\122\006\136\003\213\276\133\232}{appendix.A}% 32
\BOOKMARK [2][-]{subsection.A.2}{\376\377\176\323\147\204\140\047\120\107\213\276}{appendix.A}% 33
\BOOKMARK [2][-]{subsection.A.3}{\376\377\116\073\133\232\164\006\377\032\136\217\122\027\117\335\143\001\213\357\135\356\116\012\165\114}{appendix.A}% 34
\BOOKMARK [2][-]{subsection.A.4}{\376\377\116\016\116\073\145\207\213\312\145\255\133\236\232\214\166\204\121\163\174\373}{appendix.A}% 35
\BOOKMARK [2][-]{subsection.A.5}{\376\377\213\250\213\272\377\032\116\016\142\160\122\250\172\063\133\232\140\047\166\204\121\163\174\373}{appendix.A}% 36
\BOOKMARK [1][-]{appendix.B}{\376\377\210\145\121\105\133\236\232\214\213\276\177\156}{}% 37
\BOOKMARK [2][-]{subsection.B.1}{\376\377\145\160\143\156\226\306}{appendix.B}% 38
\BOOKMARK [2][-]{subsection.B.2}{\376\377\133\371\153\324\145\271\154\325}{appendix.B}% 39
\BOOKMARK [2][-]{subsection.B.3}{\376\377\133\236\163\260\176\306\202\202}{appendix.B}% 40
\BOOKMARK [1][-]{appendix.C}{\376\377\210\145\121\105\133\236\232\214\176\323\147\234}{}% 41
\BOOKMARK [2][-]{subsection.C.1}{\376\377\123\327\143\247\000\040\000S\000S\000H\000G\000\040\213\312\145\255}{appendix.C}% 42
\BOOKMARK [1][-]{appendix.D}{\376\377\134\100\226\120\140\047}{}% 43
