This is pdfTeX, Version 3.141592653-2.6-1.40.28 (TeX Live 2025) (preloaded format=pdflatex 2025.11.26)  26 APR 2026 21:07
entering extended mode
 restricted \write18 enabled.
 %&-line parsing enabled.
**EchoRec_cn.tex
(./EchoRec_cn.tex
LaTeX2e <2025-11-01>
L3 programming layer <2025-11-14>
(d:/Downloads/texlive/2025/texmf-dist/tex/generic/iftex/iftex.sty
Package: iftex 2024/12/12 v1.0g TeX engine tests
)
(d:/Downloads/texlive/2025/texmf-dist/tex/latex/base/article.cls
Document Class: article 2025/01/22 v1.4n Standard LaTeX document class
(d:/Downloads/texlive/2025/texmf-dist/tex/latex/base/size10.clo
File: size10.clo 2025/01/22 v1.4n Standard LaTeX file (size option)
)
\c@part=\count275
\c@section=\count276
\c@subsection=\count277
\c@subsubsection=\count278
\c@paragraph=\count279
\c@subparagraph=\count280
\c@figure=\count281
\c@table=\count282
\abovecaptionskip=\skip49
\belowcaptionskip=\skip50
\bibindent=\dimen148
)
(d:/Downloads/texlive/2025/texmf-dist/tex/latex/base/inputenc.sty
Package: inputenc 2024/02/08 v1.3d Input encoding file
\inpenc@prehook=\toks17
\inpenc@posthook=\toks18
)
(d:/Downloads/texlive/2025/texmf-dist/tex/latex/base/fontenc.sty
Package: fontenc 2025/07/18 v2.1d Standard LaTeX package
)
(d:/Downloads/texlive/2025/texmf-dist/tex/latex/cjk/texinput/CJKutf8.sty
Package: CJKutf8 2021/10/16 4.8.5

(d:/Downloads/texlive/2025/texmf-dist/tex/generic/iftex/ifpdf.sty
Package: ifpdf 2019/10/25 v3.4 ifpdf legacy package. Use iftex instead.
)
(d:/Downloads/texlive/2025/texmf-dist/tex/latex/cjk/texinput/CJK.sty
Package: CJK 2021/10/16 4.8.5

(d:/Downloads/texlive/2025/texmf-dist/tex/latex/cjk/texinput/mule/MULEenc.sty
Package: MULEenc 2021/10/16 4.8.5
)
(d:/Downloads/texlive/2025/texmf-dist/tex/latex/cjk/texinput/CJK.enc
File: CJK.enc 2021/10/16 4.8.5
Now handling font encoding C00 ...
... no UTF-8 mapping file for font encoding C00
Now handling font encoding C05 ...
... no UTF-8 mapping file for font encoding C05
Now handling font encoding C09 ...
... no UTF-8 mapping file for font encoding C09
Now handling font encoding C10 ...
... no UTF-8 mapping file for font encoding C10
Now handling font encoding C20 ...
... no UTF-8 mapping file for font encoding C20
Now handling font encoding C19 ...
... no UTF-8 mapping file for font encoding C19
Now handling font encoding C40 ...
... no UTF-8 mapping file for font encoding C40
Now handling font encoding C42 ...
... no UTF-8 mapping file for font encoding C42
Now handling font encoding C43 ...
... no UTF-8 mapping file for font encoding C43
Now handling font encoding C50 ...
... no UTF-8 mapping file for font encoding C50
Now handling font encoding C52 ...
... no UTF-8 mapping file for font encoding C52
Now handling font encoding C49 ...
... no UTF-8 mapping file for font encoding C49
Now handling font encoding C60 ...
... no UTF-8 mapping file for font encoding C60
Now handling font encoding C61 ...
... no UTF-8 mapping file for font encoding C61
Now handling font encoding C63 ...
... no UTF-8 mapping file for font encoding C63
Now handling font encoding C64 ...
... no UTF-8 mapping file for font encoding C64
Now handling font encoding C65 ...
... no UTF-8 mapping file for font encoding C65
Now handling font encoding C70 ...
... no UTF-8 mapping file for font encoding C70
Now handling font encoding C31 ...
... no UTF-8 mapping file for font encoding C31
Now handling font encoding C32 ...
... no UTF-8 mapping file for font encoding C32
Now handling font encoding C33 ...
... no UTF-8 mapping file for font encoding C33
Now handling font encoding C34 ...
... no UTF-8 mapping file for font encoding C34
Now handling font encoding C35 ...
... no UTF-8 mapping file for font encoding C35
Now handling font encoding C36 ...
... no UTF-8 mapping file for font encoding C36
Now handling font encoding C37 ...
... no UTF-8 mapping file for font encoding C37
Now handling font encoding C80 ...
... no UTF-8 mapping file for font encoding C80
Now handling font encoding C81 ...
... no UTF-8 mapping file for font encoding C81
Now handling font encoding C01 ...
... no UTF-8 mapping file for font encoding C01
Now handling font encoding C11 ...
... no UTF-8 mapping file for font encoding C11
Now handling font encoding C21 ...
... no UTF-8 mapping file for font encoding C21
Now handling font encoding C41 ...
... no UTF-8 mapping file for font encoding C41
Now handling font encoding C62 ...
... no UTF-8 mapping file for font encoding C62
)
\CJK@indent=\box53
)
(d:/Downloads/texlive/2025/texmf-dist/tex/latex/base/fontenc.sty
Package: fontenc 2025/07/18 v2.1d Standard LaTeX package
))
(d:/Downloads/texlive/2025/texmf-dist/tex/latex/geometry/geometry.sty
Package: geometry 2020/01/02 v5.9 Page Geometry

(d:/Downloads/texlive/2025/texmf-dist/tex/latex/graphics/keyval.sty
Package: keyval 2022/05/29 v1.15 key=value parser (DPC)
\KV@toks@=\toks19
)
(d:/Downloads/texlive/2025/texmf-dist/tex/generic/iftex/ifvtex.sty
Package: ifvtex 2019/10/25 v1.7 ifvtex legacy package. Use iftex instead.
)
\Gm@cnth=\count283
\Gm@cntv=\count284
\c@Gm@tempcnt=\count285
\Gm@bindingoffset=\dimen149
\Gm@wd@mp=\dimen150
\Gm@odd@mp=\dimen151
\Gm@even@mp=\dimen152
\Gm@layoutwidth=\dimen153
\Gm@layoutheight=\dimen154
\Gm@layouthoffset=\dimen155
\Gm@layoutvoffset=\dimen156
\Gm@dimlist=\toks20
)
(d:/Downloads/texlive/2025/texmf-dist/tex/latex/amsmath/amsmath.sty
Package: amsmath 2025/07/09 v2.17z AMS math features
\@mathmargin=\skip51

For additional information on amsmath, use the `?' option.
(d:/Downloads/texlive/2025/texmf-dist/tex/latex/amsmath/amstext.sty
Package: amstext 2024/11/17 v2.01 AMS text

(d:/Downloads/texlive/2025/texmf-dist/tex/latex/amsmath/amsgen.sty
File: amsgen.sty 1999/11/30 v2.0 generic functions
\@emptytoks=\toks21
\ex@=\dimen157
))
(d:/Downloads/texlive/2025/texmf-dist/tex/latex/amsmath/amsbsy.sty
Package: amsbsy 1999/11/29 v1.2d Bold Symbols
\pmbraise@=\dimen158
)
(d:/Downloads/texlive/2025/texmf-dist/tex/latex/amsmath/amsopn.sty
Package: amsopn 2022/04/08 v2.04 operator names
)
\inf@bad=\count286
LaTeX Info: Redefining \frac on input line 233.
\uproot@=\count287
\leftroot@=\count288
LaTeX Info: Redefining \overline on input line 398.
LaTeX Info: Redefining \colon on input line 409.
\classnum@=\count289
\DOTSCASE@=\count290
LaTeX Info: Redefining \ldots on input line 495.
LaTeX Info: Redefining \dots on input line 498.
LaTeX Info: Redefining \cdots on input line 619.
\Mathstrutbox@=\box54
\strutbox@=\box55
LaTeX Info: Redefining \big on input line 721.
LaTeX Info: Redefining \Big on input line 722.
LaTeX Info: Redefining \bigg on input line 723.
LaTeX Info: Redefining \Bigg on input line 724.
\big@size=\dimen159
LaTeX Font Info:    Redeclaring font encoding OML on input line 742.
LaTeX Font Info:    Redeclaring font encoding OMS on input line 743.
\macc@depth=\count291
LaTeX Info: Redefining \bmod on input line 904.
LaTeX Info: Redefining \pmod on input line 909.
LaTeX Info: Redefining \smash on input line 939.
LaTeX Info: Redefining \relbar on input line 969.
LaTeX Info: Redefining \Relbar on input line 970.
\c@MaxMatrixCols=\count292
\dotsspace@=\muskip17
\c@parentequation=\count293
\dspbrk@lvl=\count294
\tag@help=\toks22
\row@=\count295
\column@=\count296
\maxfields@=\count297
\andhelp@=\toks23
\eqnshift@=\dimen160
\alignsep@=\dimen161
\tagshift@=\dimen162
\tagwidth@=\dimen163
\totwidth@=\dimen164
\lineht@=\dimen165
\@envbody=\toks24
\multlinegap=\skip52
\multlinetaggap=\skip53
\mathdisplay@stack=\toks25
LaTeX Info: Redefining \[ on input line 2950.
LaTeX Info: Redefining \] on input line 2951.
)
(d:/Downloads/texlive/2025/texmf-dist/tex/latex/amsfonts/amssymb.sty
Package: amssymb 2013/01/14 v3.01 AMS font symbols

(d:/Downloads/texlive/2025/texmf-dist/tex/latex/amsfonts/amsfonts.sty
Package: amsfonts 2013/01/14 v3.01 Basic AMSFonts support
\symAMSa=\mathgroup4
\symAMSb=\mathgroup5
LaTeX Font Info:    Redeclaring math symbol \hbar on input line 98.
LaTeX Font Info:    Overwriting math alphabet `\mathfrak' in version `bold'
(Font)                  U/euf/m/n --> U/euf/b/n on input line 106.
))
(d:/Downloads/texlive/2025/texmf-dist/tex/latex/amscls/amsthm.sty
Package: amsthm 2020/05/29 v2.20.6
\thm@style=\toks26
\thm@bodyfont=\toks27
\thm@headfont=\toks28
\thm@notefont=\toks29
\thm@headpunct=\toks30
\thm@preskip=\skip54
\thm@postskip=\skip55
\thm@headsep=\skip56
\dth@everypar=\toks31
)
(d:/Downloads/texlive/2025/texmf-dist/tex/latex/booktabs/booktabs.sty
Package: booktabs 2020/01/12 v1.61803398 Publication quality tables
\heavyrulewidth=\dimen166
\lightrulewidth=\dimen167
\cmidrulewidth=\dimen168
\belowrulesep=\dimen169
\belowbottomsep=\dimen170
\aboverulesep=\dimen171
\abovetopsep=\dimen172
\cmidrulesep=\dimen173
\cmidrulekern=\dimen174
\defaultaddspace=\dimen175
\@cmidla=\count298
\@cmidlb=\count299
\@aboverulesep=\dimen176
\@belowrulesep=\dimen177
\@thisruleclass=\count300
\@lastruleclass=\count301
\@thisrulewidth=\dimen178
)
(d:/Downloads/texlive/2025/texmf-dist/tex/latex/units/nicefrac.sty
Package: nicefrac 1998/08/04 v0.9b Nice fractions
\L@UnitsRaiseDisplaystyle=\skip57
\L@UnitsRaiseTextstyle=\skip58
\L@UnitsRaiseScriptstyle=\skip59

(d:/Downloads/texlive/2025/texmf-dist/tex/latex/base/ifthen.sty
Package: ifthen 2024/03/16 v1.1e Standard LaTeX ifthen package (DPC)
))
(d:/Downloads/texlive/2025/texmf-dist/tex/latex/microtype/microtype.sty
Package: microtype 2025/07/09 v3.2b Micro-typographical refinements (RS)

(d:/Downloads/texlive/2025/texmf-dist/tex/latex/etoolbox/etoolbox.sty
Package: etoolbox 2025/10/02 v2.5m e-TeX tools for LaTeX (JAW)
\etb@tempcnta=\count302
)
\MT@toks=\toks32
\MT@tempbox=\box56
\MT@count=\count303
LaTeX Info: Redefining \noprotrusionifhmode on input line 1087.
LaTeX Info: Redefining \leftprotrusion on input line 1088.
\MT@prot@toks=\toks33
LaTeX Info: Redefining \rightprotrusion on input line 1107.
LaTeX Info: Redefining \textls on input line 1449.
\MT@outer@kern=\dimen179
LaTeX Info: Redefining \microtypecontext on input line 2053.
LaTeX Info: Redefining \textmicrotypecontext on input line 2070.
\MT@listname@count=\count304

(d:/Downloads/texlive/2025/texmf-dist/tex/latex/microtype/microtype-pdftex.def
File: microtype-pdftex.def 2025/07/09 v3.2b Definitions specific to pdftex (RS)

LaTeX Info: Redefining \lsstyle on input line 944.
LaTeX Info: Redefining \lslig on input line 944.
\MT@outer@space=\skip60
)
Package microtype Info: Loading configuration file microtype.cfg.
(d:/Downloads/texlive/2025/texmf-dist/tex/latex/microtype/microtype.cfg
File: microtype.cfg 2025/07/09 v3.2b microtype main configuration file (RS)
)
LaTeX Info: Redefining \microtypesetup on input line 3065.
)
(d:/Downloads/texlive/2025/texmf-dist/tex/latex/xcolor/xcolor.sty
Package: xcolor 2024/09/29 v3.02 LaTeX color extensions (UK)

(d:/Downloads/texlive/2025/texmf-dist/tex/latex/graphics-cfg/color.cfg
File: color.cfg 2016/01/02 v1.6 sample color configuration
)
Package xcolor Info: Driver file: pdftex.def on input line 274.

(d:/Downloads/texlive/2025/texmf-dist/tex/latex/graphics-def/pdftex.def
File: pdftex.def 2025/09/29 v1.2d Graphics/color driver for pdftex
)
(d:/Downloads/texlive/2025/texmf-dist/tex/latex/graphics/mathcolor.ltx)
Package xcolor Info: Model `cmy' substituted by `cmy0' on input line 1349.
Package xcolor Info: Model `hsb' substituted by `rgb' on input line 1353.
Package xcolor Info: Model `RGB' extended on input line 1365.
Package xcolor Info: Model `HTML' substituted by `rgb' on input line 1367.
Package xcolor Info: Model `Hsb' substituted by `hsb' on input line 1368.
Package xcolor Info: Model `tHsb' substituted by `hsb' on input line 1369.
Package xcolor Info: Model `HSB' substituted by `hsb' on input line 1370.
Package xcolor Info: Model `Gray' substituted by `gray' on input line 1371.
Package xcolor Info: Model `wave' substituted by `hsb' on input line 1372.
)
(d:/Downloads/texlive/2025/texmf-dist/tex/latex/colortbl/colortbl.sty
Package: colortbl 2024/10/29 v1.0k Color table columns (DPC)

(d:/Downloads/texlive/2025/texmf-dist/tex/latex/tools/array.sty
Package: array 2025/09/25 v2.6n Tabular extension package (FMi)
\col@sep=\dimen180
\ar@mcellbox=\box57
\extrarowheight=\dimen181
\NC@list=\toks34
\extratabsurround=\skip61
\backup@length=\skip62
\ar@cellbox=\box58
)
\everycr=\toks35
\minrowclearance=\skip63
\rownum=\count305
)
(d:/Downloads/texlive/2025/texmf-dist/tex/latex/multirow/multirow.sty
Package: multirow 2024/11/12 v2.9 Span multiple rows of a table
\multirow@colwidth=\skip64
\multirow@cntb=\count306
\multirow@dima=\skip65
\bigstrutjot=\dimen182
)
(d:/Downloads/texlive/2025/texmf-dist/tex/latex/graphics/graphicx.sty
Package: graphicx 2024/12/31 v1.2e Enhanced LaTeX Graphics (DPC,SPQR)

(d:/Downloads/texlive/2025/texmf-dist/tex/latex/graphics/graphics.sty
Package: graphics 2024/08/06 v1.4g Standard LaTeX Graphics (DPC,SPQR)

(d:/Downloads/texlive/2025/texmf-dist/tex/latex/graphics/trig.sty
Package: trig 2023/12/02 v1.11 sin cos tan (DPC)
)
(d:/Downloads/texlive/2025/texmf-dist/tex/latex/graphics-cfg/graphics.cfg
File: graphics.cfg 2016/06/04 v1.11 sample graphics configuration
)
Package graphics Info: Driver file: pdftex.def on input line 106.
)
\Gin@req@height=\dimen183
\Gin@req@width=\dimen184
)
(d:/Downloads/texlive/2025/texmf-dist/tex/latex/enumitem/enumitem.sty
Package: enumitem 2025/02/06 v3.11 Customized lists
\labelindent=\skip66
\enit@outerparindent=\dimen185
\enit@toks=\toks36
\enit@inbox=\box59
\enit@count@id=\count307
\enitdp@description=\count308
)
(d:/Downloads/texlive/2025/texmf-dist/tex/latex/float/float.sty
Package: float 2001/11/08 v1.3d Float enhancements (AL)
\c@float@type=\count309
\float@exts=\toks37
\float@box=\box60
\@float@everytoks=\toks38
\@floatcapt=\box61
)
(d:/Downloads/texlive/2025/texmf-dist/tex/latex/caption/subcaption.sty
Package: subcaption 2023/07/28 v1.6b Sub-captions (AR)

(d:/Downloads/texlive/2025/texmf-dist/tex/latex/caption/caption.sty
Package: caption 2023/08/05 v3.6o Customizing captions (AR)

(d:/Downloads/texlive/2025/texmf-dist/tex/latex/caption/caption3.sty
Package: caption3 2023/07/31 v2.4d caption3 kernel (AR)
\caption@tempdima=\dimen186
\captionmargin=\dimen187
\caption@leftmargin=\dimen188
\caption@rightmargin=\dimen189
\caption@width=\dimen190
\caption@indent=\dimen191
\caption@parindent=\dimen192
\caption@hangindent=\dimen193
Package caption Info: Standard document class detected.
)
\c@caption@flags=\count310
\c@continuedfloat=\count311
Package caption Info: float package is loaded.
)
Package caption Info: New subtype `subfigure' on input line 238.
\c@subfigure=\count312
Package caption Info: New subtype `subtable' on input line 238.
\c@subtable=\count313
)
(d:/Downloads/texlive/2025/texmf-dist/tex/latex/tools/tabularx.sty
Package: tabularx 2023/12/11 v2.12a `tabularx' package (DPC)
\TX@col@width=\dimen194
\TX@old@table=\dimen195
\TX@old@col=\dimen196
\TX@target=\dimen197
\TX@delta=\dimen198
\TX@cols=\count314
\TX@ftn=\toks39
)
(d:/Downloads/texlive/2025/texmf-dist/tex/latex/hyperref/hyperref.sty
Package: hyperref 2025-07-12 v7.01o Hypertext links for LaTeX

(d:/Downloads/texlive/2025/texmf-dist/tex/latex/kvsetkeys/kvsetkeys.sty
Package: kvsetkeys 2022-10-05 v1.19 Key value parser (HO)
)
(d:/Downloads/texlive/2025/texmf-dist/tex/generic/kvdefinekeys/kvdefinekeys.sty
Package: kvdefinekeys 2019-12-19 v1.6 Define keys (HO)
) (d:/Downloads/texlive/2025/texmf-dist/tex/generic/pdfescape/pdfescape.sty
Package: pdfescape 2019/12/09 v1.15 Implements pdfTeX's escape features (HO)

(d:/Downloads/texlive/2025/texmf-dist/tex/generic/ltxcmds/ltxcmds.sty
Package: ltxcmds 2023-12-04 v1.26 LaTeX kernel commands for general use (HO)
)
(d:/Downloads/texlive/2025/texmf-dist/tex/generic/pdftexcmds/pdftexcmds.sty
Package: pdftexcmds 2020-06-27 v0.33 Utility functions of pdfTeX for LuaTeX (HO
)

(d:/Downloads/texlive/2025/texmf-dist/tex/generic/infwarerr/infwarerr.sty
Package: infwarerr 2019/12/03 v1.5 Providing info/warning/error messages (HO)
)
Package pdftexcmds Info: \pdf@primitive is available.
Package pdftexcmds Info: \pdf@ifprimitive is available.
Package pdftexcmds Info: \pdfdraftmode found.
))
(d:/Downloads/texlive/2025/texmf-dist/tex/latex/hycolor/hycolor.sty
Package: hycolor 2020-01-27 v1.10 Color options for hyperref/bookmark (HO)
)
(d:/Downloads/texlive/2025/texmf-dist/tex/latex/hyperref/nameref.sty
Package: nameref 2025-06-21 v2.57 Cross-referencing by name of section

(d:/Downloads/texlive/2025/texmf-dist/tex/latex/refcount/refcount.sty
Package: refcount 2019/12/15 v3.6 Data extraction from label references (HO)
)
(d:/Downloads/texlive/2025/texmf-dist/tex/generic/gettitlestring/gettitlestring
.sty
Package: gettitlestring 2019/12/15 v1.6 Cleanup title references (HO)
 (d:/Downloads/texlive/2025/texmf-dist/tex/latex/kvoptions/kvoptions.sty
Package: kvoptions 2022-06-15 v3.15 Key value format for package options (HO)
))
\c@section@level=\count315
) (d:/Downloads/texlive/2025/texmf-dist/tex/generic/stringenc/stringenc.sty
Package: stringenc 2019/11/29 v1.12 Convert strings between diff. encodings (HO
)
)
\@linkdim=\dimen199
\Hy@linkcounter=\count316
\Hy@pagecounter=\count317

(d:/Downloads/texlive/2025/texmf-dist/tex/latex/hyperref/pd1enc.def
File: pd1enc.def 2025-07-12 v7.01o Hyperref: PDFDocEncoding definition (HO)
Now handling font encoding PD1 ...
... no UTF-8 mapping file for font encoding PD1
)
(d:/Downloads/texlive/2025/texmf-dist/tex/generic/intcalc/intcalc.sty
Package: intcalc 2019/12/15 v1.3 Expandable calculations with integers (HO)
)
\Hy@SavedSpaceFactor=\count318

(d:/Downloads/texlive/2025/texmf-dist/tex/latex/hyperref/puenc.def
File: puenc.def 2025-07-12 v7.01o Hyperref: PDF Unicode definition (HO)
Now handling font encoding PU ...
... no UTF-8 mapping file for font encoding PU
)
Package hyperref Info: Hyper figures OFF on input line 4195.
Package hyperref Info: Link nesting OFF on input line 4200.
Package hyperref Info: Hyper index ON on input line 4203.
Package hyperref Info: Plain pages OFF on input line 4210.
Package hyperref Info: Backreferencing OFF on input line 4215.
Package hyperref Info: Implicit mode ON; LaTeX internals redefined.
Package hyperref Info: Bookmarks ON on input line 4462.
\c@Hy@tempcnt=\count319

(d:/Downloads/texlive/2025/texmf-dist/tex/latex/url/url.sty
\Urlmuskip=\muskip18
Package: url 2013/09/16  ver 3.4  Verb mode for urls, etc.
)
LaTeX Info: Redefining \url on input line 4801.
\XeTeXLinkMargin=\dimen256

(d:/Downloads/texlive/2025/texmf-dist/tex/generic/bitset/bitset.sty
Package: bitset 2019/12/09 v1.3 Handle bit-vector datatype (HO)

(d:/Downloads/texlive/2025/texmf-dist/tex/generic/bigintcalc/bigintcalc.sty
Package: bigintcalc 2019/12/15 v1.5 Expandable calculations on big integers (HO
)
))
\Fld@menulength=\count320
\Field@Width=\dimen257
\Fld@charsize=\dimen258
Package hyperref Info: Hyper figures OFF on input line 6078.
Package hyperref Info: Link nesting OFF on input line 6083.
Package hyperref Info: Hyper index ON on input line 6086.
Package hyperref Info: backreferencing OFF on input line 6093.
Package hyperref Info: Link coloring OFF on input line 6098.
Package hyperref Info: Link coloring with OCG OFF on input line 6103.
Package hyperref Info: PDF/A mode OFF on input line 6108.
\Hy@abspage=\count321
\c@Item=\count322
\c@Hfootnote=\count323
)
Package hyperref Info: Driver (autodetected): hpdftex.

(d:/Downloads/texlive/2025/texmf-dist/tex/latex/hyperref/hpdftex.def
File: hpdftex.def 2025-07-12 v7.01o Hyperref driver for pdfTeX
\Fld@listcount=\count324
\c@bookmark@seq@number=\count325

(d:/Downloads/texlive/2025/texmf-dist/tex/latex/rerunfilecheck/rerunfilecheck.s
ty
Package: rerunfilecheck 2025-06-21 v1.11 Rerun checks for auxiliary files (HO)

(d:/Downloads/texlive/2025/texmf-dist/tex/generic/uniquecounter/uniquecounter.s
ty
Package: uniquecounter 2019/12/15 v1.4 Provide unlimited unique counter (HO)
)
Package uniquecounter Info: New unique counter `rerunfilecheck' on input line 2
84.
)
\Hy@SectionHShift=\skip67
)
\c@theorem=\count326

(d:/Downloads/texlive/2025/texmf-dist/tex/latex/l3backend/l3backend-pdftex.def
File: l3backend-pdftex.def 2025-10-09 L3 backend support: PDF output (pdfTeX)
\l__color_backend_stack_int=\count327
) (./EchoRec_cn.aux)
\openout1 = `EchoRec_cn.aux'.

LaTeX Font Info:    Checking defaults for OML/cmm/m/it on input line 52.
LaTeX Font Info:    ... okay on input line 52.
LaTeX Font Info:    Checking defaults for OMS/cmsy/m/n on input line 52.
LaTeX Font Info:    ... okay on input line 52.
LaTeX Font Info:    Checking defaults for OT1/cmr/m/n on input line 52.
LaTeX Font Info:    ... okay on input line 52.
LaTeX Font Info:    Checking defaults for T1/cmr/m/n on input line 52.
LaTeX Font Info:    ... okay on input line 52.
LaTeX Font Info:    Checking defaults for TS1/cmr/m/n on input line 52.
LaTeX Font Info:    ... okay on input line 52.
LaTeX Font Info:    Checking defaults for OMX/cmex/m/n on input line 52.
LaTeX Font Info:    ... okay on input line 52.
LaTeX Font Info:    Checking defaults for U/cmr/m/n on input line 52.
LaTeX Font Info:    ... okay on input line 52.
LaTeX Font Info:    Checking defaults for C00/song/m/n on input line 52.
LaTeX Font Info:    ... okay on input line 52.
LaTeX Font Info:    Checking defaults for C05/song/m/n on input line 52.
LaTeX Font Info:    ... okay on input line 52.
LaTeX Font Info:    Checking defaults for C09/song/m/n on input line 52.
LaTeX Font Info:    ... okay on input line 52.
LaTeX Font Info:    Checking defaults for C10/song/m/n on input line 52.
LaTeX Font Info:    ... okay on input line 52.
LaTeX Font Info:    Checking defaults for C20/song/m/n on input line 52.
LaTeX Font Info:    ... okay on input line 52.
LaTeX Font Info:    Checking defaults for C19/song/m/n on input line 52.
LaTeX Font Info:    ... okay on input line 52.
LaTeX Font Info:    Checking defaults for C40/song/m/n on input line 52.
LaTeX Font Info:    ... okay on input line 52.
LaTeX Font Info:    Checking defaults for C42/song/m/n on input line 52.
LaTeX Font Info:    ... okay on input line 52.
LaTeX Font Info:    Checking defaults for C43/song/m/n on input line 52.
LaTeX Font Info:    ... okay on input line 52.
LaTeX Font Info:    Checking defaults for C50/song/m/n on input line 52.
LaTeX Font Info:    ... okay on input line 52.
LaTeX Font Info:    Checking defaults for C52/song/m/n on input line 52.
LaTeX Font Info:    ... okay on input line 52.
LaTeX Font Info:    Checking defaults for C49/song/m/n on input line 52.
LaTeX Font Info:    ... okay on input line 52.
LaTeX Font Info:    Checking defaults for C60/mj/m/n on input line 52.
LaTeX Font Info:    ... okay on input line 52.
LaTeX Font Info:    Checking defaults for C61/mj/m/n on input line 52.
LaTeX Font Info:    ... okay on input line 52.
LaTeX Font Info:    Checking defaults for C63/mj/m/n on input line 52.
LaTeX Font Info:    ... okay on input line 52.
LaTeX Font Info:    Checking defaults for C64/mj/m/n on input line 52.
LaTeX Font Info:    ... okay on input line 52.
LaTeX Font Info:    Checking defaults for C65/mj/m/n on input line 52.
LaTeX Font Info:    ... okay on input line 52.
LaTeX Font Info:    Checking defaults for C70/song/m/n on input line 52.
LaTeX Font Info:    ... okay on input line 52.
LaTeX Font Info:    Checking defaults for C31/song/m/n on input line 52.
LaTeX Font Info:    ... okay on input line 52.
LaTeX Font Info:    Checking defaults for C32/song/m/n on input line 52.
LaTeX Font Info:    ... okay on input line 52.
LaTeX Font Info:    Checking defaults for C33/song/m/n on input line 52.
LaTeX Font Info:    ... okay on input line 52.
LaTeX Font Info:    Checking defaults for C34/song/m/n on input line 52.
LaTeX Font Info:    ... okay on input line 52.
LaTeX Font Info:    Checking defaults for C35/song/m/n on input line 52.
LaTeX Font Info:    ... okay on input line 52.
LaTeX Font Info:    Checking defaults for C36/song/m/n on input line 52.
LaTeX Font Info:    ... okay on input line 52.
LaTeX Font Info:    Checking defaults for C37/song/m/n on input line 52.
LaTeX Font Info:    ... okay on input line 52.
LaTeX Font Info:    Checking defaults for C80/song/m/n on input line 52.
LaTeX Font Info:    ... okay on input line 52.
LaTeX Font Info:    Checking defaults for C81/song/m/n on input line 52.
LaTeX Font Info:    ... okay on input line 52.
LaTeX Font Info:    Checking defaults for C01/song/m/n on input line 52.
LaTeX Font Info:    ... okay on input line 52.
LaTeX Font Info:    Checking defaults for C11/song/m/n on input line 52.
LaTeX Font Info:    ... okay on input line 52.
LaTeX Font Info:    Checking defaults for C21/song/m/n on input line 52.
LaTeX Font Info:    ... okay on input line 52.
LaTeX Font Info:    Checking defaults for C41/song/m/n on input line 52.
LaTeX Font Info:    ... okay on input line 52.
LaTeX Font Info:    Checking defaults for C62/song/m/n on input line 52.
LaTeX Font Info:    ... okay on input line 52.
LaTeX Font Info:    Checking defaults for PD1/pdf/m/n on input line 52.
LaTeX Font Info:    ... okay on input line 52.
LaTeX Font Info:    Checking defaults for PU/pdf/m/n on input line 52.
LaTeX Font Info:    ... okay on input line 52.

*geometry* driver: auto-detecting
*geometry* detected driver: pdftex
*geometry* verbose mode - [ preamble ] result:
* driver: pdftex
* paper: a4paper
* layout: <same size as paper>
* layoutoffset:(h,v)=(0.0pt,0.0pt)
* modes: 
* h-part:(L,W,R)=(71.13188pt, 455.24411pt, 71.13188pt)
* v-part:(T,H,B)=(71.13188pt, 702.78308pt, 71.13188pt)
* \paperwidth=597.50787pt
* \paperheight=845.04684pt
* \textwidth=455.24411pt
* \textheight=702.78308pt
* \oddsidemargin=-1.1381pt
* \evensidemargin=-1.1381pt
* \topmargin=-38.1381pt
* \headheight=12.0pt
* \headsep=25.0pt
* \topskip=10.0pt
* \footskip=30.0pt
* \marginparwidth=65.0pt
* \marginparsep=11.0pt
* \columnsep=10.0pt
* \skip\footins=9.0pt plus 4.0pt minus 2.0pt
* \hoffset=0.0pt
* \voffset=0.0pt
* \mag=1000
* \@twocolumnfalse
* \@twosidefalse
* \@mparswitchfalse
* \@reversemarginfalse
* (1in=72.27pt=25.4mm, 1cm=28.453pt)

LaTeX Info: Redefining \microtypecontext on input line 52.
Package microtype Info: Applying patch `item' on input line 52.
Package microtype Info: Applying patch `toc' on input line 52.
Package microtype Info: Applying patch `eqnum' on input line 52.
Package microtype Info: Applying patch `footnote' on input line 52.
Package microtype Info: Applying patch `verbatim' on input line 52.
LaTeX Info: Redefining \microtypesetup on input line 52.
Package microtype Info: Generating PDF output.
Package microtype Info: Character protrusion enabled (level 2).
Package microtype Info: Using default protrusion set `alltext'.
Package microtype Info: Automatic font expansion enabled (level 2),
(microtype)             stretch: 20, shrink: 20, step: 1, non-selected.
Package microtype Info: Using default expansion set `alltext-nott'.
Package microtype Info: Patching command `\showhyphens'.
Package microtype Info: No adjustment of tracking.
Package microtype Info: No adjustment of interword spacing.
Package microtype Info: No adjustment of character kerning.
(d:/Downloads/texlive/2025/texmf-dist/tex/latex/microtype/mt-cmr.cfg
File: mt-cmr.cfg 2013/05/19 v2.2 microtype config. file: Computer Modern Roman 
(RS)
)
(d:/Downloads/texlive/2025/texmf-dist/tex/context/base/mkii/supp-pdf.mkii
[Loading MPS to PDF converter (version 2006.09.02).]
\scratchcounter=\count328
\scratchdimen=\dimen259
\scratchbox=\box62
\nofMPsegments=\count329
\nofMParguments=\count330
\everyMPshowfont=\toks40
\MPscratchCnt=\count331
\MPscratchDim=\dimen260
\MPnumerator=\count332
\makeMPintoPDFobject=\count333
\everyMPtoPDFconversion=\toks41
)
(d:/Downloads/texlive/2025/texmf-dist/tex/latex/epstopdf-pkg/epstopdf-base.sty
Package: epstopdf-base 2020-01-24 v2.11 Base part for package epstopdf
Package epstopdf-base Info: Redefining graphics rule for `.eps' on input line 4
85.

(d:/Downloads/texlive/2025/texmf-dist/tex/latex/latexconfig/epstopdf-sys.cfg
File: epstopdf-sys.cfg 2010/07/13 v1.3 Configuration of (r)epstopdf for TeX Liv
e
))
Package caption Info: Begin \AtBeginDocument code.
Package caption Info: hyperref package is loaded.
Package caption Info: End \AtBeginDocument code.
Package hyperref Info: Link coloring OFF on input line 52.

(./EchoRec_cn.out) (./EchoRec_cn.out)
\@outlinefile=\write3
\openout3 = `EchoRec_cn.out'.


(d:/Downloads/texlive/2025/texmf-dist/tex/latex/cjk/texinput/UTF8/UTF8.bdg
File: UTF8.bdg 2021/10/16 4.8.5
)
(d:/Downloads/texlive/2025/texmf-dist/tex/latex/cjk/texinput/UTF8/UTF8.enc
File: UTF8.enc 2021/10/16 4.8.5
)
(d:/Downloads/texlive/2025/texmf-dist/tex/latex/cjk/texinput/UTF8/UTF8.chr
File: UTF8.chr 2021/10/16 4.8.5
)
LaTeX Font Info:    Trying to load font information for C70+gbsn on input line 
58.

(d:/Downloads/texlive/2025/texmf-dist/tex/latex/cjk/texinput/UTF8/c70gbsn.fd
File: c70gbsn.fd 2021/10/16 4.8.5
)
(d:/Downloads/texlive/2025/texmf-dist/tex/latex/cjk/texinput/UTF8/c70gbsn.fdx
File: c70gbsn.fdx 2021/10/16 4.8.5
)
LaTeX Font Info:    Trying to load font information for U+msa on input line 58.


(d:/Downloads/texlive/2025/texmf-dist/tex/latex/amsfonts/umsa.fd
File: umsa.fd 2013/01/14 v3.01 AMS symbols A
)
(d:/Downloads/texlive/2025/texmf-dist/tex/latex/microtype/mt-msa.cfg
File: mt-msa.cfg 2006/02/04 v1.1 microtype config. file: AMS symbols (a) (RS)
)
LaTeX Font Info:    Trying to load font information for U+msb on input line 58.


(d:/Downloads/texlive/2025/texmf-dist/tex/latex/amsfonts/umsb.fd
File: umsb.fd 2013/01/14 v3.01 AMS symbols B
)
(d:/Downloads/texlive/2025/texmf-dist/tex/latex/microtype/mt-msb.cfg
File: mt-msb.cfg 2005/06/01 v1.0 microtype config. file: AMS symbols (b) (RS)
)

LaTeX Font Warning: Font shape `C70/gbsn/m/it' undefined
(Font)              using `C70/gbsn/m/n' instead on input line 60.

[1

{d:/Downloads/texlive/2025/texmf-var/fonts/map/pdftex/updmap/pdftex.map}{d:/Dow
nloads/texlive/2025/texmf-dist/fonts/enc/dvips/cm-super/cm-super-t1.enc}{d:/Dow
nloads/texlive/2025/texmf-dist/fonts/enc/dvips/cm-super/cm-super-ts1.enc}]
Overfull \hbox (34.01373pt too wide) in paragraph at lines 90--92
\C70/gbsn/m/it/10/51 v \C70/gbsn/m/it/10/4e - \C70/gbsn/m/it/10/ff ^^L$\OML/cmm
/m/it/10 S[]$ \C70/gbsn/m/n/10/88 h \C70/gbsn/m/n/10/79 : \C70/gbsn/m/n/10/89 ¬
 \C70/gbsn/m/n/10/6d K \C70/gbsn/m/it/10/52 0 \C70/gbsn/m/n/10/76 Ñ \C70/gbsn/m
/it/10/53 Ü Ú \C70/gbsn/m/it/10/ff ^^L$\OML/cmm/m/it/10 y[]$ \C70/gbsn/m/n/10/8
8 h \C70/gbsn/m/n/10/79 : \C70/gbsn/m/it/10/5f Ö \C70/gbsn/m/n/10/98 Ñ \C70/gbs
n/m/n/10/6d K \C70/gbsn/m/n/10/76 Ñ \C70/gbsn/m/it/10/4e  ^^@ \C70/gbsn/m/it/1
0/72 i \C70/gbsn/m/n/10/54 ¡ \C70/gbsn/m/n/10/30 ^^B \C70/gbsn/m/n/10/4f   \C70
/gbsn/m/n/10/7e ﬂ \C70/gbsn/m/it/10/5e è \C70/gbsn/m/it/10/52 ^^W \C70/gbsn/m/n
/10/6a ! \C70/gbsn/m/it/10/57 ã \C70/gbsn/m/n/10/59 Ç\T1/cmr/m/n/10 (-20) GRU4R
ec\C70/gbsn/m/n/10/30 ^^A\T1/cmr/m/n/10 (-20) SASRec \C70/gbsn/m/it/10/4e ^^N\T
1/cmr/m/n/10 (-20) BERT4Rec [[],
 []

<figure/echorec_architecture.pdf, id=379, 845.1575pt x 598.235pt>
File: figure/echorec_architecture.pdf Graphic file (type pdf)
<use figure/echorec_architecture.pdf>
Package pdftex.def Info: figure/echorec_architecture.pdf  used on input line 13
7.
(pdftex.def)             Requested size: 455.24411pt x 292.55977pt.
[2] [3 <./figure/echorec_architecture.pdf>]
Package microtype Info: Loading generic protrusion settings for font family
(microtype)             `cmtt' (encoding: T1).
(microtype)             For optimal results, create family-specific settings.
(microtype)             See the microtype manual for details.
 [4] [5]
Overfull \hbox (68.40244pt too wide) in paragraph at lines 322--323
\C70/gbsn/bx/n/10/8b ƒ[][] \C70/gbsn/bx/n/10/6d K[][] \C70/gbsn/bx/n/10/63 ^^G[
][] \C70/gbsn/m/it/10/68 ^^G[][] \C70/gbsn/bx/n/10/30 ^^B[][] \C70/gbsn/bx/n/10
/6d K \C70/gbsn/bx/n/10/8b ’ \C70/gbsn/bx/n/10/65 ˆ \C70/gbsn/m/it/10/ff ^^L \C
70/gbsn/m/it/10/6b œ \C70/gbsn/bx/n/10/4e * \C70/gbsn/m/it/10/68 7 \C70/gbsn/bx
/n/10/67 , \C70/gbsn/bx/n/10/57 G (\T1/cmr/m/it/10 (-20) 1 \C70/gbsn/bx/n/10/4e
 * \C70/gbsn/m/it/10/6b c \C70/gbsn/m/it/10/68 7 \C70/gbsn/bx/n/10/67 ,\T1/cmr/
m/it/10 (-20) + 99 \C70/gbsn/bx/n/10/4e * \C70/gbsn/m/it/10/8d ^^_ \C70/gbsn/m/
it/10/68 7 \C70/gbsn/bx/n/10/67 , \C70/gbsn/m/it/10/76 Ñ \C70/gbsn/m/n/10/50 ^^
Y \C70/gbsn/bx/n/10/90 	 \C70/gbsn/bx/n/10/96 ∆ \C70/gbsn/bx/n/10/4e - \C70/gbs
n/m/it/10/8f € \C70/gbsn/m/it/10/88 L \C70/gbsn/bx/n/10/63 í \C70/gbsn/bx/n/10/
5e è \C70/gbsn/bx/n/10/30 ^^B \C70/gbsn/bx/n/10/62 ^^Q \C70/gbsn/bx/n/10/4e Ï \
C70/gbsn/bx/n/10/62 • \C70/gbsn/bx/n/10/54 J\T1/cmtt/m/n/10 NDCG@10\C70/gbsn/bx
/n/10/30 ^^A\T1/cmtt/m/n/10 NDCG@20\C70/gbsn/bx/n/10/30 ^^A\T1/cmtt/m/n/10 HR@1
0
 []

[6]
<figure/cds_sshg_semantic.pdf, id=526, 211.90732pt x 190.61903pt>
File: figure/cds_sshg_semantic.pdf Graphic file (type pdf)
<use figure/cds_sshg_semantic.pdf>
Package pdftex.def Info: figure/cds_sshg_semantic.pdf  used on input line 436.
(pdftex.def)             Requested size: 104.39825pt x 93.91023pt.
<figure/cds_sshg_transfer.pdf, id=527, 212.25298pt x 190.4465pt>
File: figure/cds_sshg_transfer.pdf Graphic file (type pdf)
<use figure/cds_sshg_transfer.pdf>
Package pdftex.def Info: figure/cds_sshg_transfer.pdf  used on input line 436.
(pdftex.def)             Requested size: 104.39825pt x 93.67122pt.
<figure/scientific_sshg_semantic.pdf, id=528, 211.90732pt x 190.61903pt>
File: figure/scientific_sshg_semantic.pdf Graphic file (type pdf)
<use figure/scientific_sshg_semantic.pdf>
Package pdftex.def Info: figure/scientific_sshg_semantic.pdf  used on input lin
e 448.
(pdftex.def)             Requested size: 104.39825pt x 93.91023pt.
<figure/scientific_sshg_transfer.pdf, id=529, 212.25298pt x 190.4465pt>
File: figure/scientific_sshg_transfer.pdf Graphic file (type pdf)
<use figure/scientific_sshg_transfer.pdf>
Package pdftex.def Info: figure/scientific_sshg_transfer.pdf  used on input lin
e 448.
(pdftex.def)             Requested size: 104.39825pt x 93.67122pt.
<figure/sequence_perturb_panel.pdf, id=534, 842.0198pt x 295.80112pt>
File: figure/sequence_perturb_panel.pdf Graphic file (type pdf)
<use figure/sequence_perturb_panel.pdf>
Package pdftex.def Info: figure/sequence_perturb_panel.pdf  used on input line 
468.
(pdftex.def)             Requested size: 455.24411pt x 159.92882pt.
 [7] [8 <./figure/cds_sshg_semantic.pdf> <./figure/cds_sshg_transfer.pdf> <./fi
gure/scientific_sshg_semantic.pdf> <./figure/scientific_sshg_transfer.pdf> <./f
igure/sequence_perturb_panel.pdf>] [9] [10] (./checklist.tex [11] [12]
[13] [14] [15] [16] [17]) [18] [19] [20]
Overfull \hbox (47.54373pt too wide) in paragraph at lines 919--920
\C70/gbsn/bx/n/10/90 u \C70/gbsn/bx/n/10/5f ™\T1/cmr/m/n/10 (-20) Kim \C70/gbsn
/bx/n/10/7b I \C70/gbsn/bx/n/10/4e ∫ \T1/cmr/m/n/10 (-20) [[]] \C70/gbsn/m/it/1
0/76 Ñ \C70/gbsn/bx/n/10/51 q \C70/gbsn/bx/n/10/4e ´\T1/cmr/m/n/10 (-20) benchm
ark\C70/gbsn/bx/n/10/ff ^^L \C70/gbsn/bx/n/10/62 ^^Q \C70/gbsn/bx/n/10/4e Ï \C7
0/gbsn/m/it/10/4f ^^? \C70/gbsn/m/it/10/75 ( \C70/gbsn/m/n/10/56 € \C70/gbsn/bx
/n/10/4e *\T1/cmr/m/n/10 (-20) Amazon five-core \C70/gbsn/bx/n/10/65 p \C70/gbs
n/bx/n/10/63 n \C70/gbsn/bx/n/10/96 ∆ \C70/gbsn/bx/n/10/ff ^^L \C70/gbsn/bx/n/1
0/52 ^^F + \C70/gbsn/bx/n/10/66 /\T1/cmr/m/n/10 (-20) Movies\C70/gbsn/bx/n/10/3
0 ^^A\T1/cmr/m/n/10 (-20) Scientific\C70/gbsn/bx/n/10/30 ^^A\T1/cmr/m/n/10 (-20
) Electronics
 []

[21]
Overfull \hbox (2.92601pt too wide) in paragraph at lines 1062--1063
[]\C70/gbsn/m/it/10/88 h []\T1/cmr/m/n/10 (-20) 6[] \C70/gbsn/m/it/10/88 h \C70
/gbsn/bx/n/10/66 ^^N \C70/gbsn/bx/n/10/ff ^^L \C70/gbsn/m/it/10/8f Ÿ \C70/gbsn/
bx/n/10/4e ^^@ \C70/gbsn/bx/n/10/67 : \C70/gbsn/bx/n/10/52 6 \C70/gbsn/m/it/10/
8d ã \C70/gbsn/bx/n/10/52 ø \C70/gbsn/bx/n/10/57 ( \C70/gbsn/m/n/10/56 € \C70/g
bsn/bx/n/10/4e * \C70/gbsn/bx/n/10/65 p \C70/gbsn/bx/n/10/63 n \C70/gbsn/bx/n/1
0/96 ∆ \C70/gbsn/bx/n/10/4e 
 \C70/gbsn/bx/n/10/90 ˝ \C70/gbsn/bx/n/10/62 ^^P \C70/gbsn/bx/n/10/7a À \C70/gb
sn/bx/n/10/30 ^^B\T1/cmr/m/n/10 (-20) PreAlign@20\C70/gbsn/bx/n/10/30 ^^A\T1/cm
r/m/n/10 (-20) Jaccard@20\C70/gbsn/bx/n/10/30 ^^A\T1/cmr/m/n/10 (-20) RBO@20 \C
70/gbsn/bx/n/10/4e ^^N\T1/cmr/m/n/10 (-20) NDCG@10
 []

[22] [23] (./EchoRec_cn.aux)
 ***********
LaTeX2e <2025-11-01>
L3 programming layer <2025-11-14>
 ***********


LaTeX Font Warning: Some font shapes were not available, defaults substituted.

Package rerunfilecheck Info: File `EchoRec_cn.out' has not changed.
(rerunfilecheck)             Checksum: 18418C409FE2A3BC1D85A6DEB3BFE87D;5214.
 ) 
Here is how much of TeX's memory you used:
 19792 strings out of 467538
 312727 string characters out of 5418514
 809429 words of memory out of 5000000
 47613 multiletter control sequences out of 15000+600000
 723375 words of font info for 448 fonts, out of 8000000 for 9000
 1141 hyphenation exceptions out of 8191
 75i,17n,83p,1502b,2188s stack positions out of 10000i,1000n,20000p,200000b,200000s
<d:/Downloads/texlive/2025/texmf-dist/fonts/type1/public/amsfonts/cm/cmbx10.p
fb><d:/Downloads/texlive/2025/texmf-dist/fonts/type1/public/amsfonts/cm/cmex10.
pfb><d:/Downloads/texlive/2025/texmf-dist/fonts/type1/public/amsfonts/cm/cmmi10
.pfb><d:/Downloads/texlive/2025/texmf-dist/fonts/type1/public/amsfonts/cm/cmmi5
.pfb><d:/Downloads/texlive/2025/texmf-dist/fonts/type1/public/amsfonts/cm/cmmi7
.pfb><d:/Downloads/texlive/2025/texmf-dist/fonts/type1/public/amsfonts/cm/cmr10
.pfb><d:/Downloads/texlive/2025/texmf-dist/fonts/type1/public/amsfonts/cm/cmr5.
pfb><d:/Downloads/texlive/2025/texmf-dist/fonts/type1/public/amsfonts/cm/cmr7.p
fb><d:/Downloads/texlive/2025/texmf-dist/fonts/type1/public/amsfonts/cm/cmsy10.
pfb><d:/Downloads/texlive/2025/texmf-dist/fonts/type1/public/amsfonts/cm/cmsy5.
pfb><d:/Downloads/texlive/2025/texmf-dist/fonts/type1/public/amsfonts/cm/cmsy7.
pfb><d:/Downloads/texlive/2025/texmf-dist/fonts/type1/arphic/gbsnu/gbsnu30.pfb>
<d:/Downloads/texlive/2025/texmf-dist/fonts/type1/arphic/gbsnu/gbsnu4e.pfb><d:/
Downloads/texlive/2025/texmf-dist/fonts/type1/arphic/gbsnu/gbsnu4f.pfb><d:/Down
loads/texlive/2025/texmf-dist/fonts/type1/arphic/gbsnu/gbsnu50.pfb><d:/Download
s/texlive/2025/texmf-dist/fonts/type1/arphic/gbsnu/gbsnu51.pfb><d:/Downloads/te
xlive/2025/texmf-dist/fonts/type1/arphic/gbsnu/gbsnu52.pfb><d:/Downloads/texliv
e/2025/texmf-dist/fonts/type1/arphic/gbsnu/gbsnu53.pfb><d:/Downloads/texlive/20
25/texmf-dist/fonts/type1/arphic/gbsnu/gbsnu54.pfb><d:/Downloads/texlive/2025/t
exmf-dist/fonts/type1/arphic/gbsnu/gbsnu55.pfb><d:/Downloads/texlive/2025/texmf
-dist/fonts/type1/arphic/gbsnu/gbsnu56.pfb><d:/Downloads/texlive/2025/texmf-dis
t/fonts/type1/arphic/gbsnu/gbsnu57.pfb><d:/Downloads/texlive/2025/texmf-dist/fo
nts/type1/arphic/gbsnu/gbsnu58.pfb><d:/Downloads/texlive/2025/texmf-dist/fonts/
type1/arphic/gbsnu/gbsnu59.pfb><d:/Downloads/texlive/2025/texmf-dist/fonts/type
1/arphic/gbsnu/gbsnu5b.pfb><d:/Downloads/texlive/2025/texmf-dist/fonts/type1/ar
phic/gbsnu/gbsnu5c.pfb><d:/Downloads/texlive/2025/texmf-dist/fonts/type1/arphic
/gbsnu/gbsnu5d.pfb><d:/Downloads/texlive/2025/texmf-dist/fonts/type1/arphic/gbs
nu/gbsnu5e.pfb><d:/Downloads/texlive/2025/texmf-dist/fonts/type1/arphic/gbsnu/g
bsnu5f.pfb><d:/Downloads/texlive/2025/texmf-dist/fonts/type1/arphic/gbsnu/gbsnu
60.pfb><d:/Downloads/texlive/2025/texmf-dist/fonts/type1/arphic/gbsnu/gbsnu61.p
fb><d:/Downloads/texlive/2025/texmf-dist/fonts/type1/arphic/gbsnu/gbsnu62.pfb><
d:/Downloads/texlive/2025/texmf-dist/fonts/type1/arphic/gbsnu/gbsnu63.pfb><d:/D
ownloads/texlive/2025/texmf-dist/fonts/type1/arphic/gbsnu/gbsnu64.pfb><d:/Downl
oads/texlive/2025/texmf-dist/fonts/type1/arphic/gbsnu/gbsnu65.pfb><d:/Downloads
/texlive/2025/texmf-dist/fonts/type1/arphic/gbsnu/gbsnu66.pfb><d:/Downloads/tex
live/2025/texmf-dist/fonts/type1/arphic/gbsnu/gbsnu67.pfb><d:/Downloads/texlive
/2025/texmf-dist/fonts/type1/arphic/gbsnu/gbsnu68.pfb><d:/Downloads/texlive/202
5/texmf-dist/fonts/type1/arphic/gbsnu/gbsnu69.pfb><d:/Downloads/texlive/2025/te
xmf-dist/fonts/type1/arphic/gbsnu/gbsnu6a.pfb><d:/Downloads/texlive/2025/texmf-
dist/fonts/type1/arphic/gbsnu/gbsnu6b.pfb><d:/Downloads/texlive/2025/texmf-dist
/fonts/type1/arphic/gbsnu/gbsnu6c.pfb><d:/Downloads/texlive/2025/texmf-dist/fon
ts/type1/arphic/gbsnu/gbsnu6d.pfb><d:/Downloads/texlive/2025/texmf-dist/fonts/t
ype1/arphic/gbsnu/gbsnu6e.pfb><d:/Downloads/texlive/2025/texmf-dist/fonts/type1
/arphic/gbsnu/gbsnu6f.pfb><d:/Downloads/texlive/2025/texmf-dist/fonts/type1/arp
hic/gbsnu/gbsnu70.pfb><d:/Downloads/texlive/2025/texmf-dist/fonts/type1/arphic/
gbsnu/gbsnu71.pfb><d:/Downloads/texlive/2025/texmf-dist/fonts/type1/arphic/gbsn
u/gbsnu72.pfb><d:/Downloads/texlive/2025/texmf-dist/fonts/type1/arphic/gbsnu/gb
snu73.pfb><d:/Downloads/texlive/2025/texmf-dist/fonts/type1/arphic/gbsnu/gbsnu7
4.pfb><d:/Downloads/texlive/2025/texmf-dist/fonts/type1/arphic/gbsnu/gbsnu75.pf
b><d:/Downloads/texlive/2025/texmf-dist/fonts/type1/arphic/gbsnu/gbsnu76.pfb><d
:/Downloads/texlive/2025/texmf-dist/fonts/type1/arphic/gbsnu/gbsnu77.pfb><d:/Do
wnloads/texlive/2025/texmf-dist/fonts/type1/arphic/gbsnu/gbsnu78.pfb><d:/Downlo
ads/texlive/2025/texmf-dist/fonts/type1/arphic/gbsnu/gbsnu79.pfb><d:/Downloads/
texlive/2025/texmf-dist/fonts/type1/arphic/gbsnu/gbsnu7a.pfb><d:/Downloads/texl
ive/2025/texmf-dist/fonts/type1/arphic/gbsnu/gbsnu7b.pfb><d:/Downloads/texlive/
2025/texmf-dist/fonts/type1/arphic/gbsnu/gbsnu7c.pfb><d:/Downloads/texlive/2025
/texmf-dist/fonts/type1/arphic/gbsnu/gbsnu7d.pfb><d:/Downloads/texlive/2025/tex
mf-dist/fonts/type1/arphic/gbsnu/gbsnu7e.pfb><d:/Downloads/texlive/2025/texmf-d
ist/fonts/type1/arphic/gbsnu/gbsnu7f.pfb><d:/Downloads/texlive/2025/texmf-dist/
fonts/type1/arphic/gbsnu/gbsnu80.pfb><d:/Downloads/texlive/2025/texmf-dist/font
s/type1/arphic/gbsnu/gbsnu81.pfb><d:/Downloads/texlive/2025/texmf-dist/fonts/ty
pe1/arphic/gbsnu/gbsnu82.pfb><d:/Downloads/texlive/2025/texmf-dist/fonts/type1/
arphic/gbsnu/gbsnu83.pfb><d:/Downloads/texlive/2025/texmf-dist/fonts/type1/arph
ic/gbsnu/gbsnu84.pfb><d:/Downloads/texlive/2025/texmf-dist/fonts/type1/arphic/g
bsnu/gbsnu85.pfb><d:/Downloads/texlive/2025/texmf-dist/fonts/type1/arphic/gbsnu
/gbsnu86.pfb><d:/Downloads/texlive/2025/texmf-dist/fonts/type1/arphic/gbsnu/gbs
nu87.pfb><d:/Downloads/texlive/2025/texmf-dist/fonts/type1/arphic/gbsnu/gbsnu88
.pfb><d:/Downloads/texlive/2025/texmf-dist/fonts/type1/arphic/gbsnu/gbsnu89.pfb
><d:/Downloads/texlive/2025/texmf-dist/fonts/type1/arphic/gbsnu/gbsnu8a.pfb><d:
/Downloads/texlive/2025/texmf-dist/fonts/type1/arphic/gbsnu/gbsnu8b.pfb><d:/Dow
nloads/texlive/2025/texmf-dist/fonts/type1/arphic/gbsnu/gbsnu8c.pfb><d:/Downloa
ds/texlive/2025/texmf-dist/fonts/type1/arphic/gbsnu/gbsnu8d.pfb><d:/Downloads/t
exlive/2025/texmf-dist/fonts/type1/arphic/gbsnu/gbsnu8e.pfb><d:/Downloads/texli
ve/2025/texmf-dist/fonts/type1/arphic/gbsnu/gbsnu8f.pfb><d:/Downloads/texlive/2
025/texmf-dist/fonts/type1/arphic/gbsnu/gbsnu90.pfb><d:/Downloads/texlive/2025/
texmf-dist/fonts/type1/arphic/gbsnu/gbsnu91.pfb><d:/Downloads/texlive/2025/texm
f-dist/fonts/type1/arphic/gbsnu/gbsnu94.pfb><d:/Downloads/texlive/2025/texmf-di
st/fonts/type1/arphic/gbsnu/gbsnu95.pfb><d:/Downloads/texlive/2025/texmf-dist/f
onts/type1/arphic/gbsnu/gbsnu96.pfb><d:/Downloads/texlive/2025/texmf-dist/fonts
/type1/arphic/gbsnu/gbsnu97.pfb><d:/Downloads/texlive/2025/texmf-dist/fonts/typ
e1/arphic/gbsnu/gbsnu98.pfb><d:/Downloads/texlive/2025/texmf-dist/fonts/type1/a
rphic/gbsnu/gbsnu99.pfb><d:/Downloads/texlive/2025/texmf-dist/fonts/type1/arphi
c/gbsnu/gbsnu9a.pfb><d:/Downloads/texlive/2025/texmf-dist/fonts/type1/arphic/gb
snu/gbsnu9e.pfb><d:/Downloads/texlive/2025/texmf-dist/fonts/type1/arphic/gbsnu/
gbsnu9f.pfb><d:/Downloads/texlive/2025/texmf-dist/fonts/type1/arphic/gbsnu/gbsn
uff.pfb><d:/Downloads/texlive/2025/texmf-dist/fonts/type1/public/amsfonts/symbo
ls/msbm10.pfb><d:/Downloads/texlive/2025/texmf-dist/fonts/type1/public/cm-super
/sfbx0900.pfb><d:/Downloads/texlive/2025/texmf-dist/fonts/type1/public/cm-super
/sfbx1000.pfb><d:/Downloads/texlive/2025/texmf-dist/fonts/type1/public/cm-super
/sfbx1200.pfb><d:/Downloads/texlive/2025/texmf-dist/fonts/type1/public/cm-super
/sfbx1440.pfb><d:/Downloads/texlive/2025/texmf-dist/fonts/type1/public/cm-super
/sfrm0700.pfb><d:/Downloads/texlive/2025/texmf-dist/fonts/type1/public/cm-super
/sfrm0900.pfb><d:/Downloads/texlive/2025/texmf-dist/fonts/type1/public/cm-super
/sfrm1000.pfb><d:/Downloads/texlive/2025/texmf-dist/fonts/type1/public/cm-super
/sfrm1728.pfb><d:/Downloads/texlive/2025/texmf-dist/fonts/type1/public/cm-super
/sfti0900.pfb><d:/Downloads/texlive/2025/texmf-dist/fonts/type1/public/cm-super
/sfti1000.pfb><d:/Downloads/texlive/2025/texmf-dist/fonts/type1/public/cm-super
/sftt0800.pfb><d:/Downloads/texlive/2025/texmf-dist/fonts/type1/public/cm-super
/sftt1000.pfb>
Output written on EchoRec_cn.pdf (23 pages, 1249184 bytes).
PDF statistics:
 1435 PDF objects out of 1440 (max. 8388607)
 870 compressed objects within 9 object streams
 179 named destinations out of 1000 (max. 500000)
 55477 words of extra memory for PDF output out of 61914 (max. 10000000)

